// Jest Snapshot v1, https://goo.gl/fbAQLP

exports[`renders correctly 1`] = `
<Text
  allowFontScaling={false}
  style={
    Array [
      Object {
        "color": null,
        "fontSize": 24,
      },
      undefined,
      Object {
        "fontFamily": "Material Icons",
        "fontStyle": "normal",
        "fontWeight": "normal",
      },
      Object {},
    ]
  }
>
  î¡½
</Text>
`;
