// Jest Snapshot v1, https://goo.gl/fbAQLP

exports[`renders correctly 1`] = `
<View
  accessible={true}
  onResponderGrant={[Function]}
  onResponderMove={[Function]}
  onResponderRelease={[Function]}
  onResponderTerminate={[Function]}
  onResponderTerminationRequest={[Function]}
  onStartShouldSetResponder={[Function]}
  style={
    Object {
      "alignItems": "center",
      "backgroundColor": "rgba(0, 0, 0, 0.5)",
      "bottom": 0,
      "flex": 1,
      "justifyContent": "center",
      "left": 0,
      "position": "absolute",
      "right": 0,
      "top": 0,
      "zIndex": 2,
    }
  }
>
  <View
    style={
      Object {
        "backgroundColor": "white",
        "borderRadius": 4,
        "width": "75%",
      }
    }
  >
    <View
      multiplier={1}
      size="huge"
      sizeBottom={null}
      sizeHorizontal={null}
      sizeLeft={null}
      sizeRight={null}
      sizeTop={null}
      sizeVertical={null}
      style={
        Object {
          "gigantic": Object {
            "padding": 24,
          },
          "huge": Object {
            "padding": 20,
          },
          "large": Object {
            "padding": 16,
          },
          "medium": Object {
            "padding": 12,
          },
          "padding": 20,
          "small": Object {
            "padding": 8,
          },
          "tiny": Object {
            "padding": 4,
          },
        }
      }
      styles={
        Object {
          "gigantic": Object {
            "padding": 24,
          },
          "huge": Object {
            "padding": 20,
          },
          "large": Object {
            "padding": 16,
          },
          "medium": Object {
            "padding": 12,
          },
          "padding": 20,
          "small": Object {
            "padding": 8,
          },
          "tiny": Object {
            "padding": 4,
          },
        }
      }
      theme={
        Object {
          "colors": Object {
            "layout": Object {
              "backgroundColor": "#ffffff",
            },
            "palette": Object {
              "danger": "#ff4136",
              "dark": "#484848",
              "disabled": "#999999",
              "info": "#75caeb",
              "light": "#f6f6f6",
              "primary": "#158cba",
              "success": "#28b62c",
              "warning": "#ff851b",
            },
            "text": Object {
              "disabled": "#999999",
              "placeholder": "#e2e4e6",
              "primary": "#3d3d3d",
              "secondary": "#9e9e9e",
            },
          },
          "components": Object {},
          "radiuses": Object {
            "gigantic": 16,
            "huge": 12,
            "large": 8,
            "medium": 6,
            "small": 4,
            "tiny": 2,
          },
          "spacing": Object {
            "gigantic": 24,
            "huge": 20,
            "large": 16,
            "medium": 12,
            "small": 8,
            "tiny": 4,
          },
          "typography": Object {
            "fontFamily": "System",
            "fontSizes": Object {
              "large": 16,
              "medium": 14,
              "small": 12,
            },
            "fontWeights": Object {
              "bold": "900",
              "medium": "800",
              "normal": "600",
            },
            "iconSet": "MaterialIcons",
            "sizes": Object {
              "h1": Object {
                "fontSize": 31,
                "fontWeight": "900",
              },
              "h2": Object {
                "fontSize": 25,
                "fontWeight": "900",
              },
              "h3": Object {
                "fontSize": 19,
                "fontWeight": "800",
              },
              "h4": Object {
                "fontSize": 17,
                "fontWeight": "800",
              },
              "h5": Object {
                "fontSize": 16,
                "fontWeight": "800",
              },
              "h6": Object {
                "fontSize": 15,
                "fontWeight": "700",
              },
              "normal": Object {
                "fontSize": 14,
                "fontWeight": "700",
              },
              "small": Object {
                "fontSize": 12,
              },
            },
          },
        }
      }
    >
      <View />
    </View>
  </View>
</View>
`;
